RAM Allocation [bytes]
Variable                                                                          Address   Size
------------------------------------------------------------------------------------------------
_base_y                                                                           0x0160       4
_seed                                                                             0x0164       4

EEPROM Allocation [bytes]
Variable                                                                          Address   Size
------------------------------------------------------------------------------------------------

Register Allocation
Variable                                                                          Register  Size
------------------------------------------------------------------------------------------------
_lcd_x                                                                            R5           1
_lcd_y                                                                            R4           1
_lcd_maxx                                                                         R7           1

FLASH Allocation [words]
Function                                                                          Address   Size
------------------------------------------------------------------------------------------------
read_adc                                                                          0x0006D     13
main                                                                              0x0007A     97
_lcd_write_nibble_G100                                                            0x000DB     20
_lcd_write_data                                                                   0x000EF     12
lcd_gotoxy                                                                        0x000FB     13
lcd_clear                                                                         0x00108     12
lcd_putchar                                                                       0x00114     21
lcd_puts                                                                          0x00129     15
lcd_putsf                                                                         0x00138     19
lcd_init                                                                          0x0014B     46
put_buff_G101                                                                     0x00179     58
_ftoe_G101                                                                        0x001B3    220
_print_G101                                                                       0x0028F    538
sprintf                                                                           0x004A9     52
strcpyf                                                                           0x004DD     13
strlen                                                                            0x004EA     12
strlenf                                                                           0x004F6     13
ftrunc                                                                            0x00503     49
floor                                                                             0x00534     23
ftoa                                                                              0x0054B    161
