RAM Allocation [bytes]
Variable                                                                          Address   Size
------------------------------------------------------------------------------------------------

EEPROM Allocation [bytes]
Variable                                                                          Address   Size
------------------------------------------------------------------------------------------------

Register Allocation
Variable                                                                          Register  Size
------------------------------------------------------------------------------------------------
p                                                                                 R5           1
a                                                                                 R4           1
b                                                                                 R7           1
c                                                                                 R6           1
d                                                                                 R9           1
e                                                                                 R8           1
f                                                                                 R11          1
g                                                                                 R10          1
h                                                                                 R13          1

FLASH Allocation [words]
Function                                                                          Address   Size
------------------------------------------------------------------------------------------------
main                                                                              0x00044    101
